Mrs. Weasley's fruitcake
punching Malfoy in his white skinny face
Ginny Weasley naked on a broom
James Potter's delicious arsehole
10 points to Dumbledoree!
getting your arse kicked by a tree
realising your pet rat is a demented killer
Snape and McGonagall making passionate love
Wormtail
magical dick piercings
dark magic
a bearded bag that contains everything you need
Colin Creavey sneaking into the hospital wing to give Harry a blowjob
being a particularly good finder
Hufflepuff getting Hufflefucked out of the House Cup
trying to speak Parseltongue with a lisp
having your dad as a patronus
Dementors that suck your soul through your dick
sexual secrecy
"How to Please Your Wizard's Wand" by Fiona Hardick
trusting the Dark Lord not to off you the second you become useless
Filch's cat
hot Veela fantasies
the old lady who sells sweets on the Hogwards Express
all the muggles, mudbloods and squibs
Vernon Dursley's inevitable heart attack
George Weasley looking into the mirror of Erised and seeing Fred
Hagrid's newest pet
a report of cauldron bottom thickness
conservative values
receiving a tender blowjob
the Durmstang Institute
daydream charms used for sexual purposes
Auguries
shitty quality Harry Potter memes
an egg that screams or sings depending on its surroundings
magically induced lactation
a cool, cool motorcycle
a jumper knitted cleverly by Molly Weasley
Penelope Clearwater's taste in men
Polyjuice prostitutes
snogging all over the Hogwarts grounds
LeviOsa not LeviosA
a wizarding school in the middle of fucking nowhere
slapping your partner across the face
the Room of Requirement
broomstick drag racing
Scabbers the Rat
one hundred duck-sized Hippogriffs
eating a hippogriff
a raucous rendition of "Weasley is Our King"
the way Dumbledoree's balls dangle around his knees, at this point
the dozens of Weasley children
being excused from being a bully because you're conventionally attractive
getting ripped apart by vampires
the Shrieking Shack
the stuff Hagrid finds in his beard
fucking bowtruckles
James Potter playing seeker terribly
inter-house romances
despising Muggles
Alan Rickman
the sexual tendencies of werewolves
Peeves up to his usual antics
Neville Motherfucking Longbottom, that's who
Cornelius Fudge's lime green bowler hat
Professor McGonagall's overused sex toys
the savior of the wizarding world
assigning all the bad seeds to one house
wizard sleeves
hidden teen pregnancy
basilisks that make you rock hard all the time
Severus Snape whining about the friend zone
forcing children to live in cupboards
Neville Longcock
waiting until the end of the school year to actually try to kill Harry
Troll boggeys
not letting most species use wands
Ron Weasley's freckled penis
a flying motorbike that can shoot dragon fire
sexy times
Harry Potter's cockblocking skills
wizards incorrectly dressed as muggles
Winky's drinking problem
Draco Malfoy in a sexy nurse's outfit
Wixen sex education
the magical equivalent of social networking
denying your partner orgasm and watching them squirm
stealing Seamous Finnigan's lucky charms
forgetting to use 'Reparo' on your condom
having an iguana for a Patronus
Dumbledoree entering a Gandalf the Grey lookalike contest
Slimy Slytherins
thousands of wizards
crumple-horned Snorkacks
my wand
Xenophilius Lovegood's crackpipe
Hermione's bush(y hair)
Remus Lupin's wolfy passions
gettng a blowjob from the monster book of monsters
Crookshanks
Peter Pettigrew
crappy Harry Potter pickup lines
Slughorn drugging students
Rowena Ravenclaw's clever fingers
Voldemort's blank, flat crotch
putting smegma in the pumpkin juice
Arthur Weasley
accidentally killing your sister
Cormac McLaggen's busy hands
Lavender Brown's lllustrious porn career
polishing your wand
a horde of angry centaurs
a magical full body orgasm
an incestual Weasley orgy
Amortentia
the hideous drapes around the Gryffindor beds
using Mr. Weasley's plugs inappropriately
shaving one's penis (carefully)
reading thousands of books
crossdressing
Fleur Delacoeur
freshly cut grass
you have your mother's eyes
using a time-turner to become your own grandparent
marathon sex sessions
a troll in the sex dungeon
Dumbledore, the half-dead
wizard sex ed
the sexiness of someone's animagus form
Severus Snape's pale but fairly thick prick
owl pellets
Fred and George throwing snowballs at Voldemort
licking her Bertie Botts Every Flavored Bean
giving your baby brother a life-long phobia of spiders
Gurdyroot tea
Draco Malfoy's questionable sexuality
the Infamous Hogwarts Jaguar
getting drunk so often that your rememberall is permanently red
that tingling sensation you get when you see Sirius Black transform
Kingsley Shacklebolt
Petunia Dursley's queef
the token muggle-born
Hermione Granger
my furry little problem
riding a winged undead horse you can't see
getting fucked by so many people your stomach sloshes
a gassy thestral
thinking Jigglypuff is a Hogwarts house
finding out your patronus is a sea cucumber
Movie Sirius Black
Cornelius goddamn Fudge
that fucking Harry Potter epilogue
sex on top of the Marauder's map
Harry's "wand"
Horklump fondling
traditional romance
Cedric's cold corpse
a big fucking snake
Dumbledoree's questionable hiring practices
joining a prison gang while in Azkaban
accidentally turning yourself into a furry
Hermione sproutng tentacles
a Hagrid dick pic
rearing children for sacrificial death
the Whomping Willow's burly branches
being violated by a hippogriff
hearing all the cool stuff the other characters do while some teenage wizards camp out in the forest for 400 pages
wands to finish off Voldemort
Slughorn's Club for little boys
Charlie Weasley
unicorn meat
the Killing Curse
the prefect's bathroom
a penis pump
being denied orgasm for over an hour
a Hungarian Horntail
being a Veela
Christmas baubles adorned with Harry Potter's face
Charlie Weasley giving up quidditch to 'chase dragons'
cat food
Beetle's eyes
the rest of the Marauders gangbanging Peter Pettigrew
Dobby
placing an undetectable extension charm on Cho Chang's vagina
the Forbidden Forest
deciding the Defense Against the Dark Arts professor would be a great move professionally
that scene where Draco took a bite of out an apple in Harry Potter
a minimum-security Azkaban where the inmates get rehabilitated instead of being tortured
J.K. Rowling giving all of her money to charity and not being able to afford her rent
taking a non-regulation pet to Hogwarts
filling the house cup with fire whiskey
wet dreams starring your best friend's sister
having an orgy with the entire Slytherin Quiddich team
cooking with Snape's hair grease
Hermione Granger's left breast
oppressing goblins
Draco in leather pants
Oliver's wood
the function of a rubber duck
dancing with a Quidditch World Cup player instead of a thick redhead
ancient runes
blaming the nargles
practicing Lingardium Leviosa on yourself
tying one's hair up with ribbons
Harry Potter whining like the little bitch he is
pink robes
J.K. Rowling's new book
all those cute couples strolling around
a fistful of Floo Powder
swishing and flicking
Alastor Moody's mad eyes
waving a Gryffindor flag is public
toilet seats
my hopes and dreams
appearing naked on the cover of Witch Weekly
Slytherin
vomiting slugs for hours
Snape the potions master
Beauxbaton's nipple hats
hiding your nudity behind a thestral
accidentally blowing up a relative that insulted your mother
Kingsley Shackleford's fancy clothes
the Hog's Head
gallivanting around with a werewolf while disguised as a stag
becoming immortal at the price of your nose
Daniel Radcliffe's penis
using roofies in place of a love potion
Voldemort's nipple
polishing your wand
submissive Hufflepuffs
attending Durmstrang
fucking Rita Skeeter over a table
interspecies lovemaking
Arthur Weasley, fascinated by muggle technology
Priori Incantatem
a terrible godmother
a penis that swings with the rhythm of a pendulum
Lavender Brown spanking Ron Weasley
terrorizing sheep
Frogspawn
old, bearded puppet masters
St Mungo's cure for penis warts
the Warlock's Hairy Heart
shagging a centaur
Ollivander's tiny, tiny nipples
tapping that ass
being a love potion baby
The Whomping Willow
spicy dragon cum
Rupert Grint's ice cream truck
despising magic
the feeling you get when you ride a broomstick for the first time
gnome beauty pageants
Voldemort's snake
Ginny Weasley
talking pictures
Gilderoy Lockhart
wearing glasses
Luna's goblin testicle earrings
dressing like a punk
firing red sparks into the air whilst balls deep in the Triwizard Cup
Rowena Ravenclaw's Diadem
playing wizards chess with your penis as the king
the real reason James Potter was called "Prongs"
George Weasley
sexually explicit Howlers
killing the ice cream man just for giggles
Roonil Wazlib
using transfiguration for punishment
the color orange
a capable Defense Against the Dark Arts professor
Crookshanks, the bandy-legged ginger cat
the real reason Cho Chang left China
Harry Potter's delicious asshole
sexting via owl
asking the question: "Is it really bestiality?"
freshly fondled Cornish pixies
sleeping with Wormtail every night
Dobby's sock
a white peacock
Ariana Dumbledore
having sex with a Metamorphmagus
Remus Lupin's pubes
love potion rape
pranks from Peeves
Ginny Weasley's 16th birthday
Voldemort's hairless ballsack
naming kids after dead parents
using the invisibility cloak to sneak into the girls' bathroom
massive, massive dicks
the uncomfortable fact of Hagrid's conception
Voldemort performing the Dance of the Sugar Plum Fairy
being sorted into Slyherin
Voldemort's noseless face
Dean Thomas' life-like portraits
Professor McGonagall feeding you biscuits
the lovechild of Donald Trump and Delores Umbridge
Peter Pettigrew
calling Severus Snape a fuckboy
Slytherin dungeon porn
Lucius Malfoy clad in French lingerie
cradling the dead body of the girl who rejected you in high school
the actual love triangle between Harry, Ron, and Hermione
the cupboard under the stairs
stop staring and kill the fucking Dark Lord, oh my God, how are you not dead yet?
inappropriate Ravenclaws
Platform 9 3/4
flying under the influence
a broken Sneakoscope
assuming all squibs are retarded
the Imperius Curse
herbology
my father will hear about this!
the Sorting Hat's messge of unity
I figured my grade couldn't get any worse, so why bother?
werewolf pornography
some muggle device that vibrates
memory charms
getting drunk on butterbeer
Cho Chang's yeast infection
Cedric Diggory drowning in pussy
Snape's diary
drunken house elves
getting gangbanged by centaurs
enjoyng gettng slapped in the face
a furry little problem
having a Weasley load of children
mischief managed
the undoubtedly dangerous hobby of collecting rare dragon eggs
wearing Neville's Gran's clothes
Blast-Ended Skrewts
hiding Hermione's breasts for one more movie
Percy Weasley's freckled, tight arse
being so boring you don't even notice you're dead
being chased by Inferi
seeing Fred's reflection rather than your own
tickling sleeping dragons
the awkward moment when you have no idea who You-Know-Who is
achieving one's creature inheritance
the Deathly Hallows
using a Vanishing Cabinet
a mad eye that can see through all cloaks
tearing off your nipples in a Ministry accident
getting fucked by a giant
Voldemort's nose
decimating your arsehole with interspecies fun
classical Harry Potter erotica
betraying your friend to the Dark Lord
can you stop needing people to day for you?
forcing an entire species to cook your dinner and clean your linens
dressing like a filthy muggle
Mudblood
Voldemort's (lack of a) nose
running around the Great Hall, casting curses and screaming like a Hungarian Horntail
Lavender Brown
gay wizards
snorting Floo Powder to go on a mental journey
licking out the labia
James Potter playng with a snitch for no discernable reason
Dobby watching you while you sleep
Wixen pornographic magazines
pumpkin pasties
Albus Dumbledore running naked in the halls
how sexy Tom Riddle used to be
Severus Snape
9 and 3/4 inches
Pansy Parkinson
cockroach clusters
freckled testicles
Dean and Seamus - at the same time
random red-headed splinched twat floating in the Room of Requirement
Babbity Rabbity's Cackling Stump
annoying Gryffindors
Salazar Slytherin's arse
Dolores Umbridge
what Aberforth did with that goat
Cho Chang
drinking unicorn blood
Draco Malfoy's perfectly coiffed hair
a magical disappearing act
George's missing ear
crying because of Fred
a twenty-foot-long basilisk
casual manipulation of the facts
a pointy hat
a romantic date in the Chamber of Secrets
the eternal horror of the worst monster: a Muggle dentist
Hagrid
Hufflepuff being the stoner house
a sneaky handjob
probably sex
bending over the soap in Azkaban
a Weasley's Wizarding Wheezes wet dream charm
the Golden Snatch
not knowing your dragon is female
Hagrid's undoubtedly huge penis
using a time turner to have sex with your past self
realizing that fog is Dementor jizz
ending slavery
Madam Pompfrey
Ron and Hermione's sex tape
the only Jew at Hogwarts
seducing ever single person on the Hogwarts' staff
a shitload of Dungbombs
the Giant Squid
dry humping the cardboard cutout of Cedric
setting things on fire
10 points to Gryffindor
King's Cross Station
tricks and treats
Draco and Harry 69ing
summoning underwear from the girls' dorm
Severus Snape's inexplicable sex appeal
Snape, Snape, Severus Snape
Hagrid's pubic hair
Ludo Bagman
Padfoot's tendency to shed dog hair
Merpeople fetish
EXPELLIARMUS!
using firearms or nuclear weapons instead of magic
Sirus Black: the world's biggest drama queen
attempting to seduce Professor McGonagall
the Marauders
Pomona Sprout
combing one's hair
Nox
Floo powder power
having a magical accident that sends you to St Mungo's
a bunch of Gryffindors and Hufflepuffs
spending time in Dumbledore's office
spending an eternity in Azkaban
awkwardly sharing a scone at Madam Puddifoot's while your date cries
a one-eyed witch with a hump
James Potter's stag dick
turning a Nokia into your final horcrux
dying so hard the only thing that's left is a finger
Professor Trelawney's drinking habit
enchanting erotic pictures so that they move
posters of motorcycles and mugggle women in bikinis
some bird named Audrey
the Minister of Magic stood in a toilet
playing a rousing game of Quidditch
being up a troll's arse
getting drunk on butterbeer
wearing a vibrator in Potions class
the potential sexual application of being a Metamorphagus
Oliver Wood, the walking innuendo
Lumos
actual dragon dildos
skipping meals to read in the library
Luna Lovegood losing her clothes
the sound of Arthur and Molly Weasley shagging loudly in the room next door
playing strip quidditch
leather pants
whipping out the Elder Wand
PANTILONIUS POOPICUS!
I shouldn't have said that
being a dick to children
a Puffeskein with a taste for smegma
breaking into Gringotts
wizarding pornographic magazines
Draco Malfoy's obviously bleached hair
a very affectionate lethifold
Snape teaching about anal fisting with a snitch
a Nimbus 2000
pissing in someone's butterbeer
the Philosopher's Stone
Rubeus Hagrid in a mankini
using a broomstick as a marital aid
Amortentia
Remus Lupin's sexy librarian look
dancing naked in Dobby's tea cosy
fucking actual animals while in your Animagus form
having to take your grandmother to St Mungo's for a sex-related injury
realizing that Neville is the hot one
conjuring dildos and making them attack your enemies
giving Dobby used underwear
Remus Lupin's time of the month
the shit names Harry gave his kids
waving around a stick
Lupin and Tonk's frigid corpses
Andromeda Tonks
Draco Malfoy rolling on the floor
Remus Lupin's heterosexuality
Veela allure
a little black dress
Dirk Cresswell
being a florist
Harry's dead parents
the Diagon Alley sex shop
a secret room full of dead students
Emma Watson
becoming Minister for Magic
owning a small dragon
Harry's limp wand
an undetectable extension charm
Voldemort's noseless face
explaining basic physics to wizards
a secret in class handjob
vomiting up slugs
getting ridiculously drunk
being Harry freaking Potter
the scarf of sexual preference
using Unforgiveable Curses on children
AVADA KEDAVRA!
He-Who-Must-Not-Be-Named
Hagrid and Madame Lympe Maxime's sex tape
the bizarre and horrific ordeal that conceived Rubeus Hagrid
living in a large bird cage
the Polyjuice potion
moaning like Myrtle
the ghetto that is the Weasley house
the Marauder's Map
an unrequited love triangle
the Elder Swear
watching Purebloods wince at the provocative nature of muggle clothing
rogue lethifolds
a dick-shaped scar on your head
scantily clad goblins
giving Slughorn a blowjob to get Potions extra credit
Albus Dumbledore's big black dick
looking into the Mirror of Erised and seeing only yourself
doing a contraceptive charm wrong and making your dick turn purple
a dead Dobby
making out with a Dementor
shitting out a horcrux
Draco 'Poopy Pants' Malfoy
a twitching clitoris
Harry yellling "EXPECTO PATRONUM" before turning into a stag
dozens of imps
Tom Riddle's huge snake
a name as mundane an unexciting as "Harry"
a Kingsley Shacklebolt sex dream
Prongs
Cedric Diggory's bloated corpse
magical bras
using a magical eye to look through students' clothing
waking up with a lightning bold shaped scar on your cock
giving the house-elves a night off
bruises
having gorgeous hair
getting caught by your roommate doing inappropriate wand things
James Potter
having to talk to the disturbingly predatory Fenrir Greyback
pissing in Moaning Myrtle's toilet
Professor Umbridge's unspeakable experience in the Forbidden Forest
a Boggart that looks like a blue waffle
the sorting hat drunk on its own power
actually paying attention in History of Magic
time alone in the prefect bathroom
off-label use of Skele-Gro
Harry's lesbian haircut in movie 5
actual married couple Sirius and Remus
the Shrieking Shack
having one's dirty laundry aired in The Daily Prophet
a bigger, blacker Sirius Black
dying just like Sirius Black
a troll in her dungeon
Dean Thomas
a cake patronus
Snape in drag
Ebony Dark'ness Dementia Raven Way
contraceptive charms
a motherfucking stag
wizard porn
Dumbledore's last boner
Neville's grandmother
Severus Snape in PVC
a squirrel patronus
using a Firebolt for firewood
Bellatrix Lestrange
Dobby's cock
Death Eaters
getting lost in a giant's vagina
a penis patronus
emotional abuse
magical bondage
seeing things from Slughorn's perspective
the difference between book Ron Weasley and movie Ron Weasley
dragon aids
Hagrid, wanking to pictures of his dragon
being sorted into Jigglypuff
having to explain to Madam Pompfrey why you used Engorgio on your dick
Rubeus Hagrid
all your best friends dying
Shape's hair grease
a dildo wand
Dumbledore's magical wardrobe
chocolate frogs
Hogwarts
making a ridiculously over the top anagram of your name
Madame Maxime's jumbo tampons
a mysterious ticking noise
avoiding dunderheaded morons with no talent for potions
being made to come six times over
Fawkes
fucking in front of portraits
performing anal on the Knight Bus
being a house elf
accidentally having a signature move, like a shitty, wizarding wrestler
milking the snake
changing the room of requirement into a sex dungeon
Lily Potter
a quidditch match that lasts three years
Hermione Granger in a fursuit
getting drunk with Slughorn
an evening out with Mrs. Norris
being Percy Weasley in the streets, but being Bill between the sheets
Peeves finding you masturbating
fucking your best friend's sister because he got the girl
wondering if Tonks' carpet matches her drapes
Lucius Malfoy's luscious locks
using The Quibbler as toilet paper
the Fountain of Fair Fortune
snorting Floo Powder
thinking the Forbidden Forest is a great vacation spot
the last wizard on Earth
Salazar Slytherin's noble work
being Hogwarts' headmaster
breeding dragons illegally
"There's no need to call me, Sir, Professor"
Felix Felicis
Mollywobbles
a winged key going up Arthur Weasley's anus
the overwhelming cuteness of Luna Lovegood
Molly Weasley
Polyjuice potion induced furry sex
seven minutes in heaven with Voldemort
teaching wizards to code
Bill Weasley
toads, thousands of them
Vernon Dursley's fat fucking face
Hedwig's corpse
randy house-elves
a broomstick and some lube
pulling Godric Gryffindor's sword out of my pants
Madame Rosmerta's luscious tits
a leaky wand
being sorted into Gryffindor
blowing Dumbledore whilst he's speaking to the Minister of Magic
transfiguration
pornographic daydream charms
dragon pox
Daniel Radcliffe
talking dirty in Parseltongue
Molly Weasley
using a jellylegs jinx on your cock
a hutch of racing pigeons
the Cruciatus Curse
Unforgivable Curses that are used in a totally forgivable way
I solemnly swear that I am up to no good
your mother's love and affection
an edition of Witch Weekly
being a spoiled brat
Cedric Diggory
an illegal magic carpet
a hand-written letter that is comprised of the word "twat" two hundred times in neat handwriting
being as shit at Qudditch as the Chudley Cannons
hanging on the telephone
a young Albus Dumbledore
the Unforgivables
an inappropriate goal celebration in Quidditch
tryihg to get your phone to work at Hogwarts and mutilating its circuitry beyond all recognition
the two different guys playing Dumbledore
muggleborns making pop-culture references
wishing you had a time-turner so you could go back and kill Voldemort
shipping Luna and Neville
shitting out a horcrux
Sirius Black's indescribable sexual magnetism
1000 years of goblin oppression
Lavender Brown's furry little problem
using the Elder Wand as anal beads
Draco's apple
an army of kneazles
someone with a bird fetish visting the owlery
spending years in Azkaban
Sirius' sex partners
Alastor Moody's third wooden leg
the Dark Lord Moldysnot's Booger Pickers
casting Engorgio on your boobs
Hagrid's butt crack
a happy little House Elf
a surprising lack of representation
having sex with a werewolf
magical nudes that move
waking up next to Fenrir Greyback
a strong fetish for gingers
Beauxbatons Academy of Magic
fun times with the in-laws!
murderng goblins
the Chamber of Secrets
the Whomping Willow in a thunderstorm
casual sex under the Whomping Willow
the Boy Who Lived
a scarf enchanted with a dozen protective charms
Amelia Bones
Mad-Eye Moody looking through your shirt
five lizards, no more, no less
not how I planned this day, I'll be honest
pureblood inbreeding
gettng down like a Hippogriff
getting fucked from behind by Fenrir Greyback
Dobby spanking Winky with a sock
Dolores Umbridge's saggy tits
Bellatrix Black's pussy
inbred wizard rednecks
forgetting all about Peeves
Helga Hufflepuff's bosom
milking the prostate
a love potion
portkeys
Dudley Dursley washed up on a beach
Luna Lovegood
naked Dumbledore riding bareback on Firenze with Bane shovng a horn up his arse
hugging the Dark Lord
the systematic enslavement of House Elves
Percy Weasley taking it up the butt
Bathhilda Bagshot's rotten, smelly house
spit-roasting Kreacher
professors playing favorites
drawing your own dark mark
a trophy that is also a Portkey
Lucius Malfoy's sex appeal
Lily Evans cursing your genitals
dressing Padfoot in people clothes
how gorgeous Blaise Zabine is
candies that make you sick for some reason
taking Hermione into the bathroom to play 'hide the basilisk'
Polyjuicing into an idiot
pumpkin juice and vodka
Well, shit, there's a knife in my chest
never coming back from holiday in Albania
breaking every single rule and only gettng a slight scolding
a steaming bag of hippogriff poo
using your safe-word
giving Ton-Tongue Toffee to your boyfriend before sex
putting my basilisk in your chamber of secrets
riding a basilisk into battle
knowing that Snape still has a massive tool
sucking Dumbledore's cock
snorting Floo Powder
upgrading from owl post to electronic mail
chocolate
Ashwinders
the Noble and Most Ancient House of Black
Snape's button
a token black wizard
covering an embarrassing erection with the sorting hat
Ron's rat actually being a man
getting into someone's Chamber of Secrets
Padma Patil
the sexual tension between Harry and Hermione
Peter Pettigrew's leftover finger
leather trousers
the Sorting Hat
Black Hermione
getting incestuous
Ron and Hermione in the back of the Ford Anglia
eating to feel better
fucking a House Elf
Severus Snape whispering to 'turn to page 394'
shaving one's legs
the Dementor's kiss
Lily Evans
Rufus Scrimageour's sexily stern demeanor
very lacy undergarments
a slender, 13-inch wand
they will be missed
Godric Gryffindor's skeleton
dead parents
House Elves that perform sexual favors
Kreacher's stained loincloth
your worst fear
breaking an Unbreakable Vow
singing "I killed Sirius Black" over and over
Hagrid wearing a thong
the luscious Lucius Malfoy
ghost rape
Dolores Umbridge gettng gangbanged by Centaurs
losing your wand and using your dick instead
twincest
Barty Crouch Jr's tongue thing
Dennis Creevy
dragon's dildos
an unauthorized biography written by Rita Skeeter
Dolores Umbridge
Padfoot
Percy's flat, freckled arse
charging $100 for Moaning Myrtle's tears
dead people
the hundreds of cats in the halls of Hogwarts
your father's love and affection
the Goblet of Fire
a flying car
a tiny unicorn
Rita Skeeter's Quick Quotes Quill
kilos upon kilos of sweets
using a pensieve to relive an orgasm
getting magically ejected from the girls' dormitory
something that can burn, sting, bite and suck all at once
a cauldron full of hot, strong love
being a Parselmouth
constant vigilance
waiting until my father hears about this
catching the snitch in your vagina
wearing a miniskirt
wearing nothing under your robes
Harry Potter as a sexy French maid
Number 4 Privet Drive, Little Whinging, Surrey
extremely large breasts
quaffing unicorn blood to stay youthful
sleeping with all the Weird Sisters
inappropriate snitch flesh memories
Dobby's tiny asshole
Professor Slughorn having explosive diarrhoea
Wormtail keeping James' dick as a souvenir
actually learning something because Harry Potter has graduated
enchanted dildos
Granger danger
bringing a pet to school that's neither a rat, cat, nor toad
the Triwizard Tournament!
the systematic enslavement of House Elves
Professor Quirrel
having a Puffeskein for a patronus
Oliver Wood's special wand
having a worse love life than Aragog
Lucius Malfoy's aristocratic penis
Severus Snape's abnormally large nose
using magic to enlave your classmates
spanking your partner so hard they cry
wand envy
a house-elf sized coffin
drunk Seamus
Charlie Weasley's arms
horcruxes
watching dragons breed
"Fetus Deletus"
Gryffindork
using Peruvian Instant Darness Power to snog in private
potion-making
Ron's semen
the sword of Godric Gryffindor, glittering with rubies
a feral runespoor
Kingsley Shacklebolt looking classy as fuck
an enchanted mirror that call you a dickhead
the depths of wizarding Hell
transfiguring your dick into an actual parrot
the (lack of) money in the Weasley's bank vault
"The emotional range of a teaspoon"
Bellatrix blowing Tom Riddle
Judas Black
Organizing a Slythern orgy
finding shit
Ron turning down the offer of a blowjob from Harry
Dolores Umbridge bathing in virgin's blood
taking nudes with Colin Creevy
Bill Weasley's other piercing
the immense pain of a werewolf transformation
the bland green color scheme of the Slyterin common room
Ron Weasley in a beautiful blue dress
seducing Minerva McGonagall
buckets of gay sex
absolutely nothing
inappropriate use of one's Animagus form
Fudge's green bowler hat
getting baked with super strong enchanted wizard weed
ringing the bell
holding onto your wand for dear life
Expectopatro-nads!
Peter Pettigrew watching little boys change
using swords in the bedroom
Manticore cock
losing your glasses                                                                                                                       a sordid affair with Remus Lupin
losing the House Cup because Harry and his friends went on another fucking adventure
Harry Potter breaking just about every rule and getting 100 house points for it
Hermione's ball gown on the floor
Parseltonguing someone's trouser snake
a filthy mudblood
Filch's moth eaten tux
vague connotations of child abuse
Uncle Vernon reading the Daily Mail
shoelaces
Professor Umbridge's unspeakable experience in the Forbidden Forest
having a beautiful wand
herding thousands of snakes into battle
a Sirius and Buckbeak porno
taking note of Cormac McLaggen's girth
not-so-secretly wishihg you were at Hogwarts
the ticking clock of all our limited lives
arousal potions
catching the Snitch when your team is down 160 points
trying to ignore the tittering from the portraits you masturbate in front of
networking at the Slug Club
two thousand defective broomsticks
Marlene McKionnon
probity probes
accidentally blowing up a relative who insulted your mom
masochistic House Elves
pureblooded dick
hardcore BDSM in the Room of Requirement
regretting all the ships that never sailed
Gryffindor
SECTUMEMPRA!
a private ticket to the Weasley's Wizard Wheezes back room
braiding one's hair with black ribbon
a Firebolt
fucking your best friend's sister
stupid bastard Potter
Bill Weasley
off-screen death of your favorite characters
Dumbledore saying it wrong
eating Dumbledore's beard to gain his power
eating floating cupcakes
a howler sext
a good ol' virgin sacrifice
Ron Weasley's super buff keeper bod
going to St Mungo's to have your wand removed from an orifice it should not be inside
ethnic cleansing
getting a finger in the anus by a Dementor
weird sorcererous kinks
wizarding lingerie
Godric Gryffindor's body hair
Dumbledore shittng all over a house-elf
Albus Dumbledore's long, soft beard
Butterbeer
Neville stroking his Mimbulus Mimbletonia
saying things in a mild tone as if you're not a fucking bitch
using the nickname "Snuffles"
Voldemort hiding underneath my turban
the entire Gryffindor Quidditch team
long, boring speeches about love or some shit
using the time turner to go back in time to fuck yourself
my wizard's staff
masturbating to a pensieve memory of banging your ex
an old grumpy wizard that refuses to wear pants
Bertha Jorkin's meat curtains
copiously using glitter
fucking a flobberworm
how hot Voldemort used to be
the Hufflepuff agenda
enchanted sex toys
Fleur's steamy fart
being sorted into Hufflepuff
selling muggle drugs to students as candy
drawing Serverus Snape like one of your French girlfriends
Fenrir Greyback's inner thighs
Draco Malfoy's hair dye
because Dumbledore said so
having sex on the Knight Bus
being dead
so much underage sex
Gryffindor's sword
McGonagall's wrinkled vagina
my useless friend, Ron Weasley
the seeker
"you know who"
all the dirty things that ever happened in the Room of Requirement
gettng fucked in the arse
Luna Lovegood's skills in bed
Hagrid and Aragog cuddling
a vibrating battery-operated Nimbus 2000
Lily and James Potters' graves
using a broom as a dildo
spending 48 hours with the Dursleys to get some blood protection
Victor Krum's man meat
Ron's broken wand
shoving a bezoar down your throat
using a dick as a portkey
using an unforgivable curse for sexual pleasure gain
magically replacing your brother's stuffed animal with a spider
house elf cum
Ron's sweaty hands
Ravenclaw
a disorganised Gryffindor orgy
Dumbledore's Gay Army
crying because of Hedwig
holding onto your wand for dear life
Hufflepuff
"Engorgi!"
Arthur, Molly, Bill, Charlie, Percy, Fred, George, Ron, and Ginny Weasley
Fred and George's freckled cocks
going to Beauxbatons
giving Severus Snape shampoo for Christmas
baby mandrakes
